// Jest Snapshot v1, https://goo.gl/fbAQLP

exports[`LastThirtyDaysResults component  1. Snapshot testing 1`] = `"Loading..."`;
